// Jest Snapshot v1, https://goo.gl/fbAQLP

exports[`components/App renders 1`] = `
<div
  className="undefined undefined"
>
  <section />
  <div>
    <label>
      Name:
      <input
        onChange={[Function]}
        type="text"
        value=""
      />
    </label>
    <button
      onClick={[Function]}
    >
      New Drawing
    </button>
  </div>
</div>
`;
